2025-12-25 12:36:45,585 INFO: [31m[1mWARNING: This is a development server. Do not use it in a production deployment. Use a production WSGI server instead.[0m
 * Running on http://127.0.0.1:5000
2025-12-25 12:36:45,586 INFO: [33mPress CTRL+C to quit[0m
2025-12-25 12:36:45,598 INFO:  * Restarting with watchdog (windowsapi)
2025-12-25 12:36:47,599 WARNING:  * Debugger is active!
2025-12-25 12:36:47,605 INFO:  * Debugger PIN: 129-925-385
2025-12-25 12:38:13,222 INFO: [31m[1mWARNING: This is a development server. Do not use it in a production deployment. Use a production WSGI server instead.[0m
 * Running on http://127.0.0.1:5000
2025-12-25 12:38:13,223 INFO: [33mPress CTRL+C to quit[0m
2025-12-25 12:38:13,235 INFO:  * Restarting with watchdog (windowsapi)
2025-12-25 12:38:15,445 WARNING:  * Debugger is active!
2025-12-25 12:38:15,449 INFO:  * Debugger PIN: 129-925-385
2025-12-25 12:39:41,224 INFO: [31m[1mWARNING: This is a development server. Do not use it in a production deployment. Use a production WSGI server instead.[0m
 * Running on http://127.0.0.1:5000
2025-12-25 12:39:41,224 INFO: [33mPress CTRL+C to quit[0m
2025-12-25 12:39:41,238 INFO:  * Restarting with watchdog (windowsapi)
2025-12-25 12:39:43,121 WARNING:  * Debugger is active!
2025-12-25 12:39:43,123 INFO:  * Debugger PIN: 129-925-385
2025-12-25 13:20:54,856 INFO: [31m[1mWARNING: This is a development server. Do not use it in a production deployment. Use a production WSGI server instead.[0m
 * Running on http://127.0.0.1:5000
2025-12-25 13:20:54,856 INFO: [33mPress CTRL+C to quit[0m
2025-12-25 13:20:54,868 INFO:  * Restarting with watchdog (windowsapi)
2025-12-25 13:20:55,876 WARNING:  * Debugger is active!
2025-12-25 13:20:55,888 INFO:  * Debugger PIN: 129-925-385
2025-12-25 13:29:00,122 INFO: [31m[1mWARNING: This is a development server. Do not use it in a production deployment. Use a production WSGI server instead.[0m
 * Running on http://127.0.0.1:5000
2025-12-25 13:29:00,122 INFO: [33mPress CTRL+C to quit[0m
2025-12-25 13:29:00,131 INFO:  * Restarting with watchdog (windowsapi)
2025-12-25 13:29:01,175 WARNING:  * Debugger is active!
2025-12-25 13:29:01,177 INFO:  * Debugger PIN: 129-925-385
2025-12-25 13:35:17,575 INFO:  * Detected change in 'C:\\Users\\gamer\\CivicFlow_Pro\\app.py', reloading
2025-12-25 13:35:17,575 INFO:  * Detected change in 'C:\\Users\\gamer\\CivicFlow_Pro\\app.py', reloading
2025-12-25 13:35:17,583 INFO:  * Detected change in 'C:\\Users\\gamer\\CivicFlow_Pro\\app.py', reloading
2025-12-25 13:35:17,977 INFO:  * Restarting with watchdog (windowsapi)
2025-12-25 13:35:19,151 WARNING:  * Debugger is active!
2025-12-25 13:35:19,153 INFO:  * Debugger PIN: 129-925-385
2025-12-25 13:35:24,700 INFO: [31m[1mWARNING: This is a development server. Do not use it in a production deployment. Use a production WSGI server instead.[0m
 * Running on http://127.0.0.1:5000
2025-12-25 13:35:24,700 INFO: [33mPress CTRL+C to quit[0m
2025-12-25 13:38:08,914 INFO: [31m[1mWARNING: This is a development server. Do not use it in a production deployment. Use a production WSGI server instead.[0m
 * Running on http://127.0.0.1:5000
2025-12-25 13:38:08,914 INFO: [33mPress CTRL+C to quit[0m
